Ôû▓ Next.js 16.1.6 (Turbopack)
- Environments: .env.local

  Creating an optimized production build ...
Ô£ô Compiled successfully in 12.9s
  Running TypeScript ...
  Collecting page data using 11 workers ...
  Generating static pages using 11 workers (0/13) ...
  Generating static pages using 11 workers (3/13) 
  Generating static pages using 11 workers (6/13) 
  Generating static pages using 11 workers (9/13) 
Ô£ô Generating static pages using 11 workers (13/13) in 739.0ms
  Finalizing page optimization ...

Route (app)
Ôöî ãÆ /
Ôö£ Ôùï /_not-found
Ôö£ ãÆ /agents
Ôö£ ãÆ /api/sms
Ôö£ ãÆ /balance
Ôö£ ãÆ /dashboard
Ôö£ ãÆ /history
Ôö£ ãÆ /login
Ôö£ ãÆ /register
Ôö£ ãÆ /stats
Ôöö ãÆ /transfers


Ôùï  (Static)   prerendered as static content
ãÆ  (Dynamic)  server-rendered on demand

